violation type: Vertical congestion
	srcs: net:RV_TO_DAC\[6\]
	comment: capacity:0 usage:1 overflow:1
	bbox = (1228.2000, 117.3000) - (1235.1000, 124.2000) on Layer -
violation type: Vertical congestion
	srcs: net:RV_TO_DAC\[6\]
	comment: capacity:0 usage:1 overflow:1
	bbox = (1228.2000, 124.2000) - (1235.1000, 131.1000) on Layer -
violation type: Vertical congestion
	srcs: net:RV_TO_DAC\[6\]
	comment: capacity:0 usage:1 overflow:1
	bbox = (1228.2000, 131.1000) - (1235.1000, 138.0000) on Layer -
violation type: Vertical congestion
	srcs: net:RV_TO_DAC\[6\]
	comment: capacity:0 usage:1 overflow:1
	bbox = (1228.2000, 138.0000) - (1235.1000, 144.9000) on Layer -
violation type: Vertical congestion
	srcs: net:RV_TO_DAC\[6\]
	comment: capacity:0 usage:1 overflow:1
	bbox = (1228.2000, 144.9000) - (1235.1000, 151.8000) on Layer -
violation type: Vertical congestion
	srcs: net:RV_TO_DAC\[6\]
	comment: capacity:0 usage:1 overflow:1
	bbox = (1228.2000, 151.8000) - (1235.1000, 158.7000) on Layer -
violation type: Vertical congestion
	srcs: net:RV_TO_DAC\[6\]
	comment: capacity:0 usage:1 overflow:1
	bbox = (1228.2000, 158.7000) - (1235.1000, 165.6000) on Layer -
violation type: Vertical congestion
	srcs: net:RV_TO_DAC\[6\]
	comment: capacity:0 usage:1 overflow:1
	bbox = (1228.2000, 165.6000) - (1235.1000, 172.5000) on Layer -
violation type: Vertical congestion
	srcs: net:RV_TO_DAC\[6\]
	comment: capacity:0 usage:1 overflow:1
	bbox = (1228.2000, 172.5000) - (1235.1000, 179.4000) on Layer -
violation type: Vertical congestion
	srcs: net:RV_TO_DAC\[6\]
	comment: capacity:0 usage:1 overflow:1
	bbox = (1228.2000, 179.4000) - (1235.1000, 186.3000) on Layer -
violation type: Vertical congestion
	srcs: net:RV_TO_DAC\[6\]
	comment: capacity:0 usage:1 overflow:1
	bbox = (1228.2000, 186.3000) - (1235.1000, 193.2000) on Layer -
violation type: Vertical congestion
	srcs: net:RV_TO_DAC\[6\]
	comment: capacity:0 usage:1 overflow:1
	bbox = (1228.2000, 193.2000) - (1235.1000, 200.1000) on Layer -
violation type: Vertical congestion
	srcs: net:RV_TO_DAC\[6\]
	comment: capacity:0 usage:1 overflow:1
	bbox = (1228.2000, 200.1000) - (1235.1000, 207.0000) on Layer -
violation type: Vertical congestion
	srcs: net:RV_TO_DAC\[6\]
	comment: capacity:0 usage:1 overflow:1
	bbox = (1228.2000, 207.0000) - (1235.1000, 213.9000) on Layer -
violation type: Vertical congestion
	srcs: net:RV_TO_DAC\[6\]
	comment: capacity:0 usage:1 overflow:1
	bbox = (1228.2000, 213.9000) - (1235.1000, 220.8000) on Layer -
violation type: Vertical congestion
	srcs: net:RV_TO_DAC\[6\]
	comment: capacity:0 usage:1 overflow:1
	bbox = (1228.2000, 220.8000) - (1235.1000, 227.7000) on Layer -
violation type: Vertical congestion
	srcs: net:RV_TO_DAC\[6\]
	comment: capacity:0 usage:1 overflow:1
	bbox = (1228.2000, 227.7000) - (1235.1000, 234.6000) on Layer -
violation type: Vertical congestion
	srcs: net:RV_TO_DAC\[6\]
	comment: capacity:0 usage:1 overflow:1
	bbox = (1228.2000, 234.6000) - (1235.1000, 241.5000) on Layer -
violation type: Vertical congestion
	srcs: net:RV_TO_DAC\[6\]
	comment: capacity:0 usage:1 overflow:1
	bbox = (1228.2000, 241.5000) - (1235.1000, 248.4000) on Layer -
violation type: Vertical congestion
	srcs: net:RV_TO_DAC\[6\]
	comment: capacity:0 usage:1 overflow:1
	bbox = (1228.2000, 248.4000) - (1235.1000, 255.3000) on Layer -
violation type: Vertical congestion
	srcs: net:RV_TO_DAC\[6\]
	comment: capacity:0 usage:1 overflow:1
	bbox = (1228.2000, 255.3000) - (1235.1000, 262.2000) on Layer -
violation type: Vertical congestion
	srcs: net:RV_TO_DAC\[6\]
	comment: capacity:0 usage:1 overflow:1
	bbox = (1228.2000, 262.2000) - (1235.1000, 269.1000) on Layer -
violation type: Vertical congestion
	srcs: net:RV_TO_DAC\[6\]
	comment: capacity:0 usage:1 overflow:1
	bbox = (1228.2000, 269.1000) - (1235.1000, 276.0000) on Layer -
violation type: Vertical congestion
	srcs: net:RV_TO_DAC\[6\]
	comment: capacity:0 usage:1 overflow:1
	bbox = (1228.2000, 276.0000) - (1235.1000, 282.9000) on Layer -
violation type: Vertical congestion
	srcs: net:RV_TO_DAC\[6\]
	comment: capacity:0 usage:1 overflow:1
	bbox = (1228.2000, 282.9000) - (1235.1000, 289.8000) on Layer -
violation type: Vertical congestion
	srcs: net:RV_TO_DAC\[6\]
	comment: capacity:0 usage:1 overflow:1
	bbox = (1228.2000, 289.8000) - (1235.1000, 296.7000) on Layer -
violation type: Vertical congestion
	srcs: net:RV_TO_DAC\[6\]
	comment: capacity:0 usage:1 overflow:1
	bbox = (1228.2000, 296.7000) - (1235.1000, 303.6000) on Layer -
violation type: Vertical congestion
	srcs: net:RV_TO_DAC\[6\]
	comment: capacity:0 usage:1 overflow:1
	bbox = (1228.2000, 303.6000) - (1235.1000, 310.5000) on Layer -
violation type: Vertical congestion
	srcs: net:RV_TO_DAC\[6\]
	comment: capacity:0 usage:1 overflow:1
	bbox = (1228.2000, 310.5000) - (1235.1000, 317.4000) on Layer -
violation type: Vertical congestion
	srcs: net:RV_TO_DAC\[6\]
	comment: capacity:0 usage:1 overflow:1
	bbox = (1228.2000, 317.4000) - (1235.1000, 324.3000) on Layer -
violation type: Vertical congestion
	srcs: net:RV_TO_DAC\[6\]
	comment: capacity:0 usage:1 overflow:1
	bbox = (1228.2000, 324.3000) - (1235.1000, 331.2000) on Layer -
violation type: Vertical congestion
	srcs: net:RV_TO_DAC\[6\]
	comment: capacity:0 usage:1 overflow:1
	bbox = (1228.2000, 331.2000) - (1235.1000, 338.1000) on Layer -
violation type: Vertical congestion
	srcs: net:RV_TO_DAC\[6\]
	comment: capacity:0 usage:1 overflow:1
	bbox = (1228.2000, 338.1000) - (1235.1000, 345.0000) on Layer -
violation type: Vertical congestion
	srcs: net:RV_TO_DAC\[6\]
	comment: capacity:0 usage:1 overflow:1
	bbox = (1228.2000, 345.0000) - (1235.1000, 351.9000) on Layer -
violation type: Vertical congestion
	srcs: net:RV_TO_DAC\[6\]
	comment: capacity:0 usage:1 overflow:1
	bbox = (1228.2000, 351.9000) - (1235.1000, 358.8000) on Layer -
violation type: Vertical congestion
	srcs: net:RV_TO_DAC\[6\]
	comment: capacity:0 usage:1 overflow:1
	bbox = (1228.2000, 358.8000) - (1235.1000, 365.7000) on Layer -
violation type: Vertical congestion
	srcs: net:RV_TO_DAC\[6\]
	comment: capacity:0 usage:1 overflow:1
	bbox = (1228.2000, 365.7000) - (1235.1000, 372.6000) on Layer -
violation type: Vertical congestion
	srcs: net:RV_TO_DAC\[6\]
	comment: capacity:0 usage:1 overflow:1
	bbox = (1228.2000, 372.6000) - (1235.1000, 379.5000) on Layer -
violation type: Vertical congestion
	srcs: net:RV_TO_DAC\[6\]
	comment: capacity:0 usage:1 overflow:1
	bbox = (1228.2000, 379.5000) - (1235.1000, 386.4000) on Layer -
violation type: Vertical congestion
	srcs: net:RV_TO_DAC\[6\]
	comment: capacity:0 usage:1 overflow:1
	bbox = (1228.2000, 386.4000) - (1235.1000, 393.3000) on Layer -
violation type: Vertical congestion
	srcs: net:RV_TO_DAC\[6\]
	comment: capacity:0 usage:1 overflow:1
	bbox = (1228.2000, 393.3000) - (1235.1000, 400.2000) on Layer -
violation type: Vertical congestion
	srcs: net:RV_TO_DAC\[6\]
	comment: capacity:0 usage:1 overflow:1
	bbox = (1228.2000, 400.2000) - (1235.1000, 407.1000) on Layer -
violation type: Vertical congestion
	srcs: net:RV_TO_DAC\[6\]
	comment: capacity:0 usage:1 overflow:1
	bbox = (1228.2000, 407.1000) - (1235.1000, 414.0000) on Layer -
violation type: Vertical congestion
	srcs: net:RV_TO_DAC\[6\]
	comment: capacity:0 usage:1 overflow:1
	bbox = (1228.2000, 414.0000) - (1235.1000, 420.9000) on Layer -
violation type: Vertical congestion
	srcs: net:RV_TO_DAC\[6\]
	comment: capacity:0 usage:1 overflow:1
	bbox = (1228.2000, 420.9000) - (1235.1000, 427.8000) on Layer -
violation type: Vertical congestion
	srcs: net:RV_TO_DAC\[6\]
	comment: capacity:0 usage:1 overflow:1
	bbox = (1228.2000, 427.8000) - (1235.1000, 434.7000) on Layer -
violation type: Vertical congestion
	srcs: net:RV_TO_DAC\[6\]
	comment: capacity:0 usage:1 overflow:1
	bbox = (1228.2000, 434.7000) - (1235.1000, 441.6000) on Layer -
violation type: Vertical congestion
	srcs: net:RV_TO_DAC\[6\]
	comment: capacity:0 usage:1 overflow:1
	bbox = (1228.2000, 441.6000) - (1235.1000, 448.5000) on Layer -
violation type: Vertical congestion
	srcs: net:RV_TO_DAC\[6\]
	comment: capacity:0 usage:1 overflow:1
	bbox = (1228.2000, 448.5000) - (1235.1000, 455.4000) on Layer -
violation type: Vertical congestion
	srcs: net:RV_TO_DAC\[6\]
	comment: capacity:0 usage:1 overflow:1
	bbox = (1228.2000, 455.4000) - (1235.1000, 462.3000) on Layer -
violation type: Vertical congestion
	srcs: net:RV_TO_DAC\[6\]
	comment: capacity:0 usage:1 overflow:1
	bbox = (1228.2000, 462.3000) - (1235.1000, 469.2000) on Layer -
violation type: Vertical congestion
	srcs: net:RV_TO_DAC\[6\]
	comment: capacity:0 usage:1 overflow:1
	bbox = (1228.2000, 469.2000) - (1235.1000, 476.1000) on Layer -
violation type: Vertical congestion
	srcs: net:RV_TO_DAC\[6\]
	comment: capacity:0 usage:1 overflow:1
	bbox = (1228.2000, 476.1000) - (1235.1000, 483.0000) on Layer -
violation type: Vertical congestion
	srcs: net:RV_TO_DAC\[6\]
	comment: capacity:0 usage:1 overflow:1
	bbox = (1228.2000, 483.0000) - (1235.1000, 489.9000) on Layer -
violation type: Vertical congestion
	srcs: net:RV_TO_DAC\[6\]
	comment: capacity:0 usage:1 overflow:1
	bbox = (1228.2000, 489.9000) - (1235.1000, 496.8000) on Layer -
violation type: Vertical congestion
	srcs: net:RV_TO_DAC\[6\]
	comment: capacity:0 usage:1 overflow:1
	bbox = (1228.2000, 496.8000) - (1235.1000, 503.7000) on Layer -
violation type: Vertical congestion
	srcs: net:RV_TO_DAC\[6\]
	comment: capacity:0 usage:1 overflow:1
	bbox = (1228.2000, 503.7000) - (1235.1000, 510.6000) on Layer -
violation type: Vertical congestion
	srcs: net:RV_TO_DAC\[6\]
	comment: capacity:0 usage:1 overflow:1
	bbox = (1228.2000, 510.6000) - (1235.1000, 517.5000) on Layer -
violation type: Vertical congestion
	srcs: net:RV_TO_DAC\[6\]
	comment: capacity:0 usage:1 overflow:1
	bbox = (1228.2000, 517.5000) - (1235.1000, 524.4000) on Layer -
violation type: Vertical congestion
	srcs: net:RV_TO_DAC\[6\]
	comment: capacity:0 usage:1 overflow:1
	bbox = (1228.2000, 524.4000) - (1235.1000, 531.3000) on Layer -
violation type: Vertical congestion
	srcs: net:RV_TO_DAC\[6\]
	comment: capacity:0 usage:1 overflow:1
	bbox = (1228.2000, 531.3000) - (1235.1000, 538.2000) on Layer -
violation type: Vertical congestion
	srcs: net:RV_TO_DAC\[6\]
	comment: capacity:0 usage:1 overflow:1
	bbox = (1228.2000, 538.2000) - (1235.1000, 545.1000) on Layer -
violation type: Vertical congestion
	srcs: net:RV_TO_DAC\[6\]
	comment: capacity:0 usage:1 overflow:1
	bbox = (1228.2000, 545.1000) - (1235.1000, 552.0000) on Layer -
violation type: Vertical congestion
	srcs: net:RV_TO_DAC\[6\]
	comment: capacity:0 usage:1 overflow:1
	bbox = (1228.2000, 552.0000) - (1235.1000, 558.9000) on Layer -
violation type: Vertical congestion
	srcs: net:RV_TO_DAC\[6\]
	comment: capacity:0 usage:1 overflow:1
	bbox = (1228.2000, 558.9000) - (1235.1000, 565.8000) on Layer -
violation type: Vertical congestion
	srcs: net:RV_TO_DAC\[6\]
	comment: capacity:0 usage:1 overflow:1
	bbox = (1228.2000, 565.8000) - (1235.1000, 572.7000) on Layer -
violation type: Vertical congestion
	srcs: net:RV_TO_DAC\[6\]
	comment: capacity:0 usage:1 overflow:1
	bbox = (1228.2000, 572.7000) - (1235.1000, 579.6000) on Layer -
violation type: Vertical congestion
	srcs: net:RV_TO_DAC\[6\]
	comment: capacity:0 usage:1 overflow:1
	bbox = (1228.2000, 579.6000) - (1235.1000, 586.5000) on Layer -
violation type: Vertical congestion
	srcs: net:RV_TO_DAC\[6\]
	comment: capacity:0 usage:1 overflow:1
	bbox = (1228.2000, 586.5000) - (1235.1000, 593.4000) on Layer -
violation type: Vertical congestion
	srcs: net:RV_TO_DAC\[6\]
	comment: capacity:0 usage:1 overflow:1
	bbox = (1228.2000, 593.4000) - (1235.1000, 600.3000) on Layer -
violation type: Vertical congestion
	srcs: net:RV_TO_DAC\[6\]
	comment: capacity:0 usage:1 overflow:1
	bbox = (1228.2000, 600.3000) - (1235.1000, 607.2000) on Layer -
violation type: Vertical congestion
	srcs: net:RV_TO_DAC\[6\]
	comment: capacity:0 usage:1 overflow:1
	bbox = (1228.2000, 607.2000) - (1235.1000, 614.1000) on Layer -
violation type: Vertical congestion
	srcs: net:RV_TO_DAC\[6\]
	comment: capacity:0 usage:1 overflow:1
	bbox = (1228.2000, 614.1000) - (1235.1000, 621.0000) on Layer -
violation type: Vertical congestion
	srcs: net:RV_TO_DAC\[6\]
	comment: capacity:0 usage:1 overflow:1
	bbox = (1228.2000, 621.0000) - (1235.1000, 627.9000) on Layer -
violation type: Vertical congestion
	srcs: net:RV_TO_DAC\[6\]
	comment: capacity:0 usage:1 overflow:1
	bbox = (1228.2000, 627.9000) - (1235.1000, 634.8000) on Layer -
violation type: Vertical congestion
	srcs: net:RV_TO_DAC\[6\]
	comment: capacity:0 usage:1 overflow:1
	bbox = (1228.2000, 634.8000) - (1235.1000, 641.7000) on Layer -
violation type: Vertical congestion
	srcs: net:RV_TO_DAC\[6\]
	comment: capacity:0 usage:1 overflow:1
	bbox = (1228.2000, 641.7000) - (1235.1000, 648.6000) on Layer -
violation type: Vertical congestion
	srcs: net:RV_TO_DAC\[6\]
	comment: capacity:0 usage:1 overflow:1
	bbox = (1228.2000, 648.6000) - (1235.1000, 655.5000) on Layer -
violation type: Vertical congestion
	srcs: net:RV_TO_DAC\[6\]
	comment: capacity:0 usage:1 overflow:1
	bbox = (1228.2000, 655.5000) - (1235.1000, 662.4000) on Layer -
violation type: Vertical congestion
	srcs: net:RV_TO_DAC\[6\]
	comment: capacity:0 usage:1 overflow:1
	bbox = (1228.2000, 662.4000) - (1235.1000, 669.3000) on Layer -
violation type: Vertical congestion
	srcs: net:RV_TO_DAC\[6\]
	comment: capacity:0 usage:1 overflow:1
	bbox = (1228.2000, 669.3000) - (1235.1000, 676.2000) on Layer -
violation type: Vertical congestion
	srcs: net:RV_TO_DAC\[6\]
	comment: capacity:0 usage:1 overflow:1
	bbox = (1228.2000, 676.2000) - (1235.1000, 683.1000) on Layer -
violation type: Vertical congestion
	srcs: net:RV_TO_DAC\[6\]
	comment: capacity:0 usage:1 overflow:1
	bbox = (1228.2000, 683.1000) - (1235.1000, 690.0000) on Layer -
violation type: Vertical congestion
	srcs: net:RV_TO_DAC\[6\]
	comment: capacity:0 usage:1 overflow:1
	bbox = (1228.2000, 690.0000) - (1235.1000, 696.9000) on Layer -
violation type: Vertical congestion
	srcs: net:RV_TO_DAC\[6\]
	comment: capacity:0 usage:1 overflow:1
	bbox = (1228.2000, 696.9000) - (1235.1000, 703.8000) on Layer -
violation type: Vertical congestion
	srcs: net:RV_TO_DAC\[6\]
	comment: capacity:0 usage:1 overflow:1
	bbox = (1228.2000, 703.8000) - (1235.1000, 710.7000) on Layer -
violation type: Vertical congestion
	srcs: net:RV_TO_DAC\[6\]
	comment: capacity:0 usage:1 overflow:1
	bbox = (1228.2000, 710.7000) - (1235.1000, 717.6000) on Layer -
violation type: Vertical congestion
	srcs: net:RV_TO_DAC\[6\]
	comment: capacity:0 usage:1 overflow:1
	bbox = (1228.2000, 717.6000) - (1235.1000, 724.5000) on Layer -
violation type: Vertical congestion
	srcs: net:RV_TO_DAC\[6\]
	comment: capacity:0 usage:1 overflow:1
	bbox = (1228.2000, 724.5000) - (1235.1000, 731.4000) on Layer -
violation type: Vertical congestion
	srcs: net:RV_TO_DAC\[6\]
	comment: capacity:0 usage:1 overflow:1
	bbox = (1228.2000, 731.4000) - (1235.1000, 738.3000) on Layer -
violation type: Vertical congestion
	srcs: net:RV_TO_DAC\[6\]
	comment: capacity:0 usage:1 overflow:1
	bbox = (1228.2000, 738.3000) - (1235.1000, 745.2000) on Layer -
violation type: Vertical congestion
	srcs: net:RV_TO_DAC\[6\]
	comment: capacity:0 usage:1 overflow:1
	bbox = (1228.2000, 745.2000) - (1235.1000, 752.1000) on Layer -
violation type: Vertical congestion
	srcs: net:RV_TO_DAC\[6\]
	comment: capacity:0 usage:1 overflow:1
	bbox = (1228.2000, 752.1000) - (1235.1000, 759.0000) on Layer -
violation type: Vertical congestion
	srcs: net:RV_TO_DAC\[6\]
	comment: capacity:0 usage:1 overflow:1
	bbox = (1228.2000, 759.0000) - (1235.1000, 765.9000) on Layer -
violation type: Vertical congestion
	srcs: net:RV_TO_DAC\[6\]
	comment: capacity:0 usage:1 overflow:1
	bbox = (1228.2000, 765.9000) - (1235.1000, 772.8000) on Layer -
violation type: Vertical congestion
	srcs: net:RV_TO_DAC\[6\]
	comment: capacity:0 usage:1 overflow:1
	bbox = (1228.2000, 772.8000) - (1235.1000, 779.7000) on Layer -
violation type: Vertical congestion
	srcs: net:RV_TO_DAC\[6\]
	comment: capacity:0 usage:1 overflow:1
	bbox = (1228.2000, 779.7000) - (1235.1000, 786.6000) on Layer -
violation type: Vertical congestion
	srcs: net:RV_TO_DAC\[6\]
	comment: capacity:0 usage:1 overflow:1
	bbox = (1228.2000, 786.6000) - (1235.1000, 793.5000) on Layer -
violation type: Vertical congestion
	srcs: net:RV_TO_DAC\[6\]
	comment: capacity:0 usage:1 overflow:1
	bbox = (1228.2000, 793.5000) - (1235.1000, 800.4000) on Layer -
violation type: Vertical congestion
	srcs: net:RV_TO_DAC\[6\]
	comment: capacity:0 usage:1 overflow:1
	bbox = (1228.2000, 800.4000) - (1235.1000, 807.3000) on Layer -
violation type: Vertical congestion
	srcs: net:RV_TO_DAC\[6\]
	comment: capacity:0 usage:1 overflow:1
	bbox = (1228.2000, 807.3000) - (1235.1000, 814.2000) on Layer -
violation type: Vertical congestion
	srcs: net:RV_TO_DAC\[6\]
	comment: capacity:0 usage:1 overflow:1
	bbox = (1228.2000, 814.2000) - (1235.1000, 821.1000) on Layer -
violation type: Vertical congestion
	srcs: net:RV_TO_DAC\[6\]
	comment: capacity:0 usage:1 overflow:1
	bbox = (1228.2000, 821.1000) - (1235.1000, 828.0000) on Layer -
violation type: Vertical congestion
	srcs: net:RV_TO_DAC\[6\]
	comment: capacity:0 usage:1 overflow:1
	bbox = (1228.2000, 828.0000) - (1235.1000, 834.9000) on Layer -
violation type: Vertical congestion
	srcs: net:RV_TO_DAC\[6\]
	comment: capacity:0 usage:1 overflow:1
	bbox = (1228.2000, 834.9000) - (1235.1000, 841.8000) on Layer -
violation type: Vertical congestion
	srcs: net:RV_TO_DAC\[6\]
	comment: capacity:0 usage:1 overflow:1
	bbox = (1228.2000, 841.8000) - (1235.1000, 848.7000) on Layer -
violation type: Vertical congestion
	srcs: net:RV_TO_DAC\[6\]
	comment: capacity:0 usage:1 overflow:1
	bbox = (1228.2000, 848.7000) - (1235.1000, 855.6000) on Layer -
violation type: Vertical congestion
	srcs: net:RV_TO_DAC\[6\]
	comment: capacity:0 usage:1 overflow:1
	bbox = (1228.2000, 855.6000) - (1235.1000, 862.5000) on Layer -
violation type: Vertical congestion
	srcs: net:RV_TO_DAC\[6\]
	comment: capacity:0 usage:1 overflow:1
	bbox = (1228.2000, 862.5000) - (1235.1000, 869.4000) on Layer -
violation type: Vertical congestion
	srcs: net:RV_TO_DAC\[6\]
	comment: capacity:0 usage:1 overflow:1
	bbox = (1228.2000, 869.4000) - (1235.1000, 876.3000) on Layer -
violation type: Vertical congestion
	srcs: net:RV_TO_DAC\[6\]
	comment: capacity:0 usage:1 overflow:1
	bbox = (1228.2000, 876.3000) - (1235.1000, 883.2000) on Layer -
violation type: Vertical congestion
	srcs: net:RV_TO_DAC\[6\]
	comment: capacity:0 usage:1 overflow:1
	bbox = (1228.2000, 883.2000) - (1235.1000, 890.1000) on Layer -
violation type: Vertical congestion
	srcs: net:RV_TO_DAC\[6\]
	comment: capacity:0 usage:1 overflow:1
	bbox = (1228.2000, 890.1000) - (1235.1000, 897.0000) on Layer -
violation type: Vertical congestion
	srcs: net:RV_TO_DAC\[6\]
	comment: capacity:0 usage:1 overflow:1
	bbox = (1228.2000, 897.0000) - (1235.1000, 903.9000) on Layer -
violation type: Vertical congestion
	srcs: net:RV_TO_DAC\[6\]
	comment: capacity:0 usage:1 overflow:1
	bbox = (1228.2000, 903.9000) - (1235.1000, 910.8000) on Layer -
violation type: Vertical congestion
	srcs: net:RV_TO_DAC\[6\]
	comment: capacity:0 usage:1 overflow:1
	bbox = (1228.2000, 910.8000) - (1235.1000, 917.7000) on Layer -
violation type: Vertical congestion
	srcs: net:RV_TO_DAC\[6\]
	comment: capacity:0 usage:1 overflow:1
	bbox = (1228.2000, 917.7000) - (1235.1000, 924.6000) on Layer -
violation type: Vertical congestion
	srcs: net:RV_TO_DAC\[6\]
	comment: capacity:0 usage:1 overflow:1
	bbox = (1228.2000, 924.6000) - (1235.1000, 931.5000) on Layer -
violation type: Vertical congestion
	srcs: net:RV_TO_DAC\[6\]
	comment: capacity:0 usage:1 overflow:1
	bbox = (1228.2000, 931.5000) - (1235.1000, 938.4000) on Layer -
violation type: Vertical congestion
	srcs: net:RV_TO_DAC\[6\]
	comment: capacity:0 usage:1 overflow:1
	bbox = (1228.2000, 938.4000) - (1235.1000, 945.3000) on Layer -
violation type: Vertical congestion
	srcs: net:RV_TO_DAC\[6\]
	comment: capacity:0 usage:1 overflow:1
	bbox = (1228.2000, 945.3000) - (1235.1000, 952.2000) on Layer -
violation type: Vertical congestion
	srcs: net:RV_TO_DAC\[6\]
	comment: capacity:0 usage:1 overflow:1
	bbox = (1228.2000, 952.2000) - (1235.1000, 959.1000) on Layer -
violation type: Vertical congestion
	srcs: net:RV_TO_DAC\[6\]
	comment: capacity:0 usage:1 overflow:1
	bbox = (1228.2000, 959.1000) - (1235.1000, 966.0000) on Layer -
violation type: Vertical congestion
	srcs: net:RV_TO_DAC\[6\]
	comment: capacity:0 usage:1 overflow:1
	bbox = (1228.2000, 966.0000) - (1235.1000, 972.9000) on Layer -
violation type: Vertical congestion
	srcs: net:RV_TO_DAC\[6\]
	comment: capacity:0 usage:1 overflow:1
	bbox = (1228.2000, 972.9000) - (1235.1000, 979.8000) on Layer -
violation type: Vertical congestion
	srcs: net:RV_TO_DAC\[6\]
	comment: capacity:0 usage:1 overflow:1
	bbox = (1228.2000, 979.8000) - (1235.1000, 986.7000) on Layer -
violation type: Vertical congestion
	srcs: net:RV_TO_DAC\[7\]
	comment: capacity:0 usage:1 overflow:1
	bbox = (1283.4000, 117.3000) - (1290.3000, 124.2000) on Layer -
violation type: Vertical congestion
	srcs: net:RV_TO_DAC\[7\]
	comment: capacity:0 usage:1 overflow:1
	bbox = (1283.4000, 124.2000) - (1290.3000, 131.1000) on Layer -
violation type: Vertical congestion
	srcs: net:RV_TO_DAC\[7\]
	comment: capacity:0 usage:1 overflow:1
	bbox = (1283.4000, 131.1000) - (1290.3000, 138.0000) on Layer -
violation type: Vertical congestion
	srcs: net:RV_TO_DAC\[7\]
	comment: capacity:0 usage:1 overflow:1
	bbox = (1283.4000, 138.0000) - (1290.3000, 144.9000) on Layer -
violation type: Vertical congestion
	srcs: net:RV_TO_DAC\[7\]
	comment: capacity:0 usage:1 overflow:1
	bbox = (1283.4000, 144.9000) - (1290.3000, 151.8000) on Layer -
violation type: Vertical congestion
	srcs: net:RV_TO_DAC\[7\]
	comment: capacity:0 usage:1 overflow:1
	bbox = (1283.4000, 151.8000) - (1290.3000, 158.7000) on Layer -
violation type: Vertical congestion
	srcs: net:RV_TO_DAC\[7\]
	comment: capacity:0 usage:1 overflow:1
	bbox = (1283.4000, 158.7000) - (1290.3000, 165.6000) on Layer -
violation type: Vertical congestion
	srcs: net:RV_TO_DAC\[7\]
	comment: capacity:0 usage:1 overflow:1
	bbox = (1283.4000, 165.6000) - (1290.3000, 172.5000) on Layer -
violation type: Vertical congestion
	srcs: net:RV_TO_DAC\[7\]
	comment: capacity:0 usage:1 overflow:1
	bbox = (1283.4000, 172.5000) - (1290.3000, 179.4000) on Layer -
violation type: Vertical congestion
	srcs: net:RV_TO_DAC\[7\]
	comment: capacity:0 usage:1 overflow:1
	bbox = (1283.4000, 179.4000) - (1290.3000, 186.3000) on Layer -
violation type: Vertical congestion
	srcs: net:RV_TO_DAC\[7\]
	comment: capacity:0 usage:1 overflow:1
	bbox = (1283.4000, 186.3000) - (1290.3000, 193.2000) on Layer -
violation type: Vertical congestion
	srcs: net:RV_TO_DAC\[7\]
	comment: capacity:0 usage:1 overflow:1
	bbox = (1283.4000, 193.2000) - (1290.3000, 200.1000) on Layer -
violation type: Vertical congestion
	srcs: net:RV_TO_DAC\[7\]
	comment: capacity:0 usage:1 overflow:1
	bbox = (1283.4000, 200.1000) - (1290.3000, 207.0000) on Layer -
violation type: Vertical congestion
	srcs: net:RV_TO_DAC\[7\]
	comment: capacity:0 usage:1 overflow:1
	bbox = (1283.4000, 207.0000) - (1290.3000, 213.9000) on Layer -
violation type: Vertical congestion
	srcs: net:RV_TO_DAC\[7\]
	comment: capacity:0 usage:1 overflow:1
	bbox = (1283.4000, 213.9000) - (1290.3000, 220.8000) on Layer -
violation type: Vertical congestion
	srcs: net:RV_TO_DAC\[7\]
	comment: capacity:0 usage:1 overflow:1
	bbox = (1283.4000, 220.8000) - (1290.3000, 227.7000) on Layer -
violation type: Vertical congestion
	srcs: net:RV_TO_DAC\[7\]
	comment: capacity:0 usage:1 overflow:1
	bbox = (1283.4000, 227.7000) - (1290.3000, 234.6000) on Layer -
violation type: Vertical congestion
	srcs: net:RV_TO_DAC\[7\]
	comment: capacity:0 usage:1 overflow:1
	bbox = (1283.4000, 234.6000) - (1290.3000, 241.5000) on Layer -
violation type: Vertical congestion
	srcs: net:RV_TO_DAC\[7\]
	comment: capacity:0 usage:1 overflow:1
	bbox = (1283.4000, 241.5000) - (1290.3000, 248.4000) on Layer -
violation type: Vertical congestion
	srcs: net:RV_TO_DAC\[7\]
	comment: capacity:0 usage:1 overflow:1
	bbox = (1283.4000, 248.4000) - (1290.3000, 255.3000) on Layer -
violation type: Vertical congestion
	srcs: net:RV_TO_DAC\[7\]
	comment: capacity:0 usage:1 overflow:1
	bbox = (1283.4000, 255.3000) - (1290.3000, 262.2000) on Layer -
violation type: Vertical congestion
	srcs: net:RV_TO_DAC\[7\]
	comment: capacity:0 usage:1 overflow:1
	bbox = (1283.4000, 262.2000) - (1290.3000, 269.1000) on Layer -
violation type: Vertical congestion
	srcs: net:RV_TO_DAC\[7\]
	comment: capacity:0 usage:1 overflow:1
	bbox = (1283.4000, 269.1000) - (1290.3000, 276.0000) on Layer -
violation type: Vertical congestion
	srcs: net:RV_TO_DAC\[7\]
	comment: capacity:0 usage:1 overflow:1
	bbox = (1283.4000, 276.0000) - (1290.3000, 282.9000) on Layer -
violation type: Vertical congestion
	srcs: net:RV_TO_DAC\[7\]
	comment: capacity:0 usage:1 overflow:1
	bbox = (1283.4000, 282.9000) - (1290.3000, 289.8000) on Layer -
violation type: Vertical congestion
	srcs: net:RV_TO_DAC\[7\]
	comment: capacity:0 usage:1 overflow:1
	bbox = (1283.4000, 289.8000) - (1290.3000, 296.7000) on Layer -
violation type: Vertical congestion
	srcs: net:RV_TO_DAC\[7\]
	comment: capacity:0 usage:1 overflow:1
	bbox = (1283.4000, 296.7000) - (1290.3000, 303.6000) on Layer -
violation type: Vertical congestion
	srcs: net:RV_TO_DAC\[7\]
	comment: capacity:0 usage:1 overflow:1
	bbox = (1283.4000, 303.6000) - (1290.3000, 310.5000) on Layer -
violation type: Vertical congestion
	srcs: net:RV_TO_DAC\[7\]
	comment: capacity:0 usage:1 overflow:1
	bbox = (1283.4000, 310.5000) - (1290.3000, 317.4000) on Layer -
violation type: Vertical congestion
	srcs: net:RV_TO_DAC\[7\]
	comment: capacity:0 usage:1 overflow:1
	bbox = (1283.4000, 317.4000) - (1290.3000, 324.3000) on Layer -
violation type: Vertical congestion
	srcs: net:RV_TO_DAC\[7\]
	comment: capacity:0 usage:1 overflow:1
	bbox = (1283.4000, 324.3000) - (1290.3000, 331.2000) on Layer -
violation type: Vertical congestion
	srcs: net:RV_TO_DAC\[7\]
	comment: capacity:0 usage:1 overflow:1
	bbox = (1283.4000, 331.2000) - (1290.3000, 338.1000) on Layer -
violation type: Vertical congestion
	srcs: net:RV_TO_DAC\[7\]
	comment: capacity:0 usage:1 overflow:1
	bbox = (1283.4000, 338.1000) - (1290.3000, 345.0000) on Layer -
violation type: Vertical congestion
	srcs: net:RV_TO_DAC\[7\]
	comment: capacity:0 usage:1 overflow:1
	bbox = (1283.4000, 345.0000) - (1290.3000, 351.9000) on Layer -
violation type: Vertical congestion
	srcs: net:RV_TO_DAC\[7\]
	comment: capacity:0 usage:1 overflow:1
	bbox = (1283.4000, 351.9000) - (1290.3000, 358.8000) on Layer -
violation type: Vertical congestion
	srcs: net:RV_TO_DAC\[7\]
	comment: capacity:0 usage:1 overflow:1
	bbox = (1283.4000, 358.8000) - (1290.3000, 365.7000) on Layer -
violation type: Vertical congestion
	srcs: net:RV_TO_DAC\[7\]
	comment: capacity:0 usage:1 overflow:1
	bbox = (1283.4000, 365.7000) - (1290.3000, 372.6000) on Layer -
violation type: Vertical congestion
	srcs: net:RV_TO_DAC\[7\]
	comment: capacity:0 usage:1 overflow:1
	bbox = (1283.4000, 372.6000) - (1290.3000, 379.5000) on Layer -
violation type: Vertical congestion
	srcs: net:RV_TO_DAC\[7\]
	comment: capacity:0 usage:1 overflow:1
	bbox = (1283.4000, 379.5000) - (1290.3000, 386.4000) on Layer -
violation type: Vertical congestion
	srcs: net:RV_TO_DAC\[7\]
	comment: capacity:0 usage:1 overflow:1
	bbox = (1283.4000, 386.4000) - (1290.3000, 393.3000) on Layer -
violation type: Vertical congestion
	srcs: net:RV_TO_DAC\[7\]
	comment: capacity:0 usage:1 overflow:1
	bbox = (1283.4000, 393.3000) - (1290.3000, 400.2000) on Layer -
violation type: Vertical congestion
	srcs: net:RV_TO_DAC\[7\]
	comment: capacity:0 usage:1 overflow:1
	bbox = (1283.4000, 400.2000) - (1290.3000, 407.1000) on Layer -
violation type: Vertical congestion
	srcs: net:RV_TO_DAC\[7\]
	comment: capacity:0 usage:1 overflow:1
	bbox = (1283.4000, 407.1000) - (1290.3000, 414.0000) on Layer -
violation type: Vertical congestion
	srcs: net:RV_TO_DAC\[7\]
	comment: capacity:0 usage:1 overflow:1
	bbox = (1283.4000, 414.0000) - (1290.3000, 420.9000) on Layer -
violation type: Vertical congestion
	srcs: net:RV_TO_DAC\[7\]
	comment: capacity:0 usage:1 overflow:1
	bbox = (1283.4000, 420.9000) - (1290.3000, 427.8000) on Layer -
violation type: Vertical congestion
	srcs: net:RV_TO_DAC\[7\]
	comment: capacity:0 usage:1 overflow:1
	bbox = (1283.4000, 427.8000) - (1290.3000, 434.7000) on Layer -
violation type: Vertical congestion
	srcs: net:RV_TO_DAC\[7\]
	comment: capacity:0 usage:1 overflow:1
	bbox = (1283.4000, 434.7000) - (1290.3000, 441.6000) on Layer -
violation type: Vertical congestion
	srcs: net:RV_TO_DAC\[7\]
	comment: capacity:0 usage:1 overflow:1
	bbox = (1283.4000, 441.6000) - (1290.3000, 448.5000) on Layer -
violation type: Vertical congestion
	srcs: net:RV_TO_DAC\[7\]
	comment: capacity:0 usage:1 overflow:1
	bbox = (1283.4000, 448.5000) - (1290.3000, 455.4000) on Layer -
violation type: Vertical congestion
	srcs: net:RV_TO_DAC\[7\]
	comment: capacity:0 usage:1 overflow:1
	bbox = (1283.4000, 455.4000) - (1290.3000, 462.3000) on Layer -
violation type: Vertical congestion
	srcs: net:RV_TO_DAC\[7\]
	comment: capacity:0 usage:1 overflow:1
	bbox = (1283.4000, 462.3000) - (1290.3000, 469.2000) on Layer -
violation type: Vertical congestion
	srcs: net:RV_TO_DAC\[7\]
	comment: capacity:0 usage:1 overflow:1
	bbox = (1283.4000, 469.2000) - (1290.3000, 476.1000) on Layer -
violation type: Vertical congestion
	srcs: net:RV_TO_DAC\[7\]
	comment: capacity:0 usage:1 overflow:1
	bbox = (1283.4000, 476.1000) - (1290.3000, 483.0000) on Layer -
violation type: Vertical congestion
	srcs: net:RV_TO_DAC\[7\]
	comment: capacity:0 usage:1 overflow:1
	bbox = (1283.4000, 483.0000) - (1290.3000, 489.9000) on Layer -
violation type: Vertical congestion
	srcs: net:RV_TO_DAC\[7\]
	comment: capacity:0 usage:1 overflow:1
	bbox = (1283.4000, 489.9000) - (1290.3000, 496.8000) on Layer -
violation type: Vertical congestion
	srcs: net:RV_TO_DAC\[7\]
	comment: capacity:0 usage:1 overflow:1
	bbox = (1283.4000, 496.8000) - (1290.3000, 503.7000) on Layer -
violation type: Vertical congestion
	srcs: net:RV_TO_DAC\[7\]
	comment: capacity:0 usage:1 overflow:1
	bbox = (1283.4000, 503.7000) - (1290.3000, 510.6000) on Layer -
violation type: Vertical congestion
	srcs: net:RV_TO_DAC\[7\]
	comment: capacity:0 usage:1 overflow:1
	bbox = (1283.4000, 510.6000) - (1290.3000, 517.5000) on Layer -
violation type: Vertical congestion
	srcs: net:RV_TO_DAC\[7\]
	comment: capacity:0 usage:1 overflow:1
	bbox = (1283.4000, 517.5000) - (1290.3000, 524.4000) on Layer -
violation type: Vertical congestion
	srcs: net:RV_TO_DAC\[7\]
	comment: capacity:0 usage:1 overflow:1
	bbox = (1283.4000, 524.4000) - (1290.3000, 531.3000) on Layer -
violation type: Vertical congestion
	srcs: net:RV_TO_DAC\[7\]
	comment: capacity:0 usage:1 overflow:1
	bbox = (1283.4000, 531.3000) - (1290.3000, 538.2000) on Layer -
violation type: Vertical congestion
	srcs: net:RV_TO_DAC\[7\]
	comment: capacity:0 usage:1 overflow:1
	bbox = (1283.4000, 538.2000) - (1290.3000, 545.1000) on Layer -
violation type: Vertical congestion
	srcs: net:RV_TO_DAC\[7\]
	comment: capacity:0 usage:1 overflow:1
	bbox = (1283.4000, 545.1000) - (1290.3000, 552.0000) on Layer -
violation type: Vertical congestion
	srcs: net:RV_TO_DAC\[7\]
	comment: capacity:0 usage:1 overflow:1
	bbox = (1283.4000, 552.0000) - (1290.3000, 558.9000) on Layer -
violation type: Vertical congestion
	srcs: net:RV_TO_DAC\[7\]
	comment: capacity:0 usage:1 overflow:1
	bbox = (1283.4000, 558.9000) - (1290.3000, 565.8000) on Layer -
violation type: Vertical congestion
	srcs: net:RV_TO_DAC\[7\]
	comment: capacity:0 usage:1 overflow:1
	bbox = (1283.4000, 565.8000) - (1290.3000, 572.7000) on Layer -
violation type: Vertical congestion
	srcs: net:RV_TO_DAC\[7\]
	comment: capacity:0 usage:1 overflow:1
	bbox = (1283.4000, 572.7000) - (1290.3000, 579.6000) on Layer -
violation type: Vertical congestion
	srcs: net:RV_TO_DAC\[7\]
	comment: capacity:0 usage:1 overflow:1
	bbox = (1283.4000, 579.6000) - (1290.3000, 586.5000) on Layer -
violation type: Vertical congestion
	srcs: net:RV_TO_DAC\[7\]
	comment: capacity:0 usage:1 overflow:1
	bbox = (1283.4000, 586.5000) - (1290.3000, 593.4000) on Layer -
violation type: Vertical congestion
	srcs: net:RV_TO_DAC\[7\]
	comment: capacity:0 usage:1 overflow:1
	bbox = (1283.4000, 593.4000) - (1290.3000, 600.3000) on Layer -
violation type: Vertical congestion
	srcs: net:RV_TO_DAC\[7\]
	comment: capacity:0 usage:1 overflow:1
	bbox = (1283.4000, 600.3000) - (1290.3000, 607.2000) on Layer -
violation type: Vertical congestion
	srcs: net:RV_TO_DAC\[7\]
	comment: capacity:0 usage:1 overflow:1
	bbox = (1283.4000, 607.2000) - (1290.3000, 614.1000) on Layer -
violation type: Vertical congestion
	srcs: net:RV_TO_DAC\[7\]
	comment: capacity:0 usage:1 overflow:1
	bbox = (1283.4000, 614.1000) - (1290.3000, 621.0000) on Layer -
violation type: Vertical congestion
	srcs: net:RV_TO_DAC\[7\]
	comment: capacity:0 usage:1 overflow:1
	bbox = (1283.4000, 621.0000) - (1290.3000, 627.9000) on Layer -
violation type: Vertical congestion
	srcs: net:RV_TO_DAC\[7\]
	comment: capacity:0 usage:1 overflow:1
	bbox = (1283.4000, 627.9000) - (1290.3000, 634.8000) on Layer -
violation type: Vertical congestion
	srcs: net:RV_TO_DAC\[7\]
	comment: capacity:0 usage:1 overflow:1
	bbox = (1283.4000, 634.8000) - (1290.3000, 641.7000) on Layer -
violation type: Vertical congestion
	srcs: net:RV_TO_DAC\[7\]
	comment: capacity:0 usage:1 overflow:1
	bbox = (1283.4000, 641.7000) - (1290.3000, 648.6000) on Layer -
violation type: Vertical congestion
	srcs: net:RV_TO_DAC\[7\]
	comment: capacity:0 usage:1 overflow:1
	bbox = (1283.4000, 648.6000) - (1290.3000, 655.5000) on Layer -
violation type: Vertical congestion
	srcs: net:RV_TO_DAC\[7\]
	comment: capacity:0 usage:1 overflow:1
	bbox = (1283.4000, 655.5000) - (1290.3000, 662.4000) on Layer -
violation type: Vertical congestion
	srcs: net:RV_TO_DAC\[7\]
	comment: capacity:0 usage:1 overflow:1
	bbox = (1283.4000, 662.4000) - (1290.3000, 669.3000) on Layer -
violation type: Vertical congestion
	srcs: net:RV_TO_DAC\[7\]
	comment: capacity:0 usage:1 overflow:1
	bbox = (1283.4000, 669.3000) - (1290.3000, 676.2000) on Layer -
violation type: Vertical congestion
	srcs: net:RV_TO_DAC\[7\]
	comment: capacity:0 usage:1 overflow:1
	bbox = (1283.4000, 676.2000) - (1290.3000, 683.1000) on Layer -
violation type: Vertical congestion
	srcs: net:RV_TO_DAC\[7\]
	comment: capacity:0 usage:1 overflow:1
	bbox = (1283.4000, 683.1000) - (1290.3000, 690.0000) on Layer -
violation type: Vertical congestion
	srcs: net:RV_TO_DAC\[7\]
	comment: capacity:0 usage:1 overflow:1
	bbox = (1283.4000, 690.0000) - (1290.3000, 696.9000) on Layer -
violation type: Vertical congestion
	srcs: net:RV_TO_DAC\[7\]
	comment: capacity:0 usage:1 overflow:1
	bbox = (1283.4000, 696.9000) - (1290.3000, 703.8000) on Layer -
violation type: Vertical congestion
	srcs: net:RV_TO_DAC\[7\]
	comment: capacity:0 usage:1 overflow:1
	bbox = (1283.4000, 703.8000) - (1290.3000, 710.7000) on Layer -
violation type: Vertical congestion
	srcs: net:RV_TO_DAC\[7\]
	comment: capacity:0 usage:1 overflow:1
	bbox = (1283.4000, 710.7000) - (1290.3000, 717.6000) on Layer -
violation type: Vertical congestion
	srcs: net:RV_TO_DAC\[7\]
	comment: capacity:0 usage:1 overflow:1
	bbox = (1283.4000, 717.6000) - (1290.3000, 724.5000) on Layer -
violation type: Vertical congestion
	srcs: net:RV_TO_DAC\[7\]
	comment: capacity:0 usage:1 overflow:1
	bbox = (1283.4000, 724.5000) - (1290.3000, 731.4000) on Layer -
violation type: Vertical congestion
	srcs: net:RV_TO_DAC\[7\]
	comment: capacity:0 usage:1 overflow:1
	bbox = (1283.4000, 731.4000) - (1290.3000, 738.3000) on Layer -
violation type: Vertical congestion
	srcs: net:RV_TO_DAC\[7\]
	comment: capacity:0 usage:1 overflow:1
	bbox = (1283.4000, 738.3000) - (1290.3000, 745.2000) on Layer -
violation type: Vertical congestion
	srcs: net:RV_TO_DAC\[7\]
	comment: capacity:0 usage:1 overflow:1
	bbox = (1283.4000, 745.2000) - (1290.3000, 752.1000) on Layer -
violation type: Vertical congestion
	srcs: net:RV_TO_DAC\[7\]
	comment: capacity:0 usage:1 overflow:1
	bbox = (1283.4000, 752.1000) - (1290.3000, 759.0000) on Layer -
violation type: Vertical congestion
	srcs: net:RV_TO_DAC\[7\]
	comment: capacity:0 usage:1 overflow:1
	bbox = (1283.4000, 759.0000) - (1290.3000, 765.9000) on Layer -
violation type: Vertical congestion
	srcs: net:RV_TO_DAC\[7\]
	comment: capacity:0 usage:1 overflow:1
	bbox = (1283.4000, 765.9000) - (1290.3000, 772.8000) on Layer -
violation type: Vertical congestion
	srcs: net:RV_TO_DAC\[7\]
	comment: capacity:0 usage:1 overflow:1
	bbox = (1283.4000, 772.8000) - (1290.3000, 779.7000) on Layer -
violation type: Vertical congestion
	srcs: net:RV_TO_DAC\[7\]
	comment: capacity:0 usage:1 overflow:1
	bbox = (1283.4000, 779.7000) - (1290.3000, 786.6000) on Layer -
violation type: Vertical congestion
	srcs: net:RV_TO_DAC\[7\]
	comment: capacity:0 usage:1 overflow:1
	bbox = (1283.4000, 786.6000) - (1290.3000, 793.5000) on Layer -
violation type: Vertical congestion
	srcs: net:RV_TO_DAC\[7\]
	comment: capacity:0 usage:1 overflow:1
	bbox = (1283.4000, 793.5000) - (1290.3000, 800.4000) on Layer -
violation type: Vertical congestion
	srcs: net:RV_TO_DAC\[7\]
	comment: capacity:0 usage:1 overflow:1
	bbox = (1283.4000, 800.4000) - (1290.3000, 807.3000) on Layer -
violation type: Vertical congestion
	srcs: net:RV_TO_DAC\[7\]
	comment: capacity:0 usage:1 overflow:1
	bbox = (1283.4000, 807.3000) - (1290.3000, 814.2000) on Layer -
violation type: Vertical congestion
	srcs: net:RV_TO_DAC\[7\]
	comment: capacity:0 usage:1 overflow:1
	bbox = (1283.4000, 814.2000) - (1290.3000, 821.1000) on Layer -
violation type: Vertical congestion
	srcs: net:RV_TO_DAC\[7\]
	comment: capacity:0 usage:1 overflow:1
	bbox = (1283.4000, 821.1000) - (1290.3000, 828.0000) on Layer -
violation type: Vertical congestion
	srcs: net:RV_TO_DAC\[7\]
	comment: capacity:0 usage:1 overflow:1
	bbox = (1283.4000, 828.0000) - (1290.3000, 834.9000) on Layer -
violation type: Vertical congestion
	srcs: net:RV_TO_DAC\[7\]
	comment: capacity:0 usage:1 overflow:1
	bbox = (1283.4000, 834.9000) - (1290.3000, 841.8000) on Layer -
violation type: Vertical congestion
	srcs: net:RV_TO_DAC\[7\]
	comment: capacity:0 usage:1 overflow:1
	bbox = (1283.4000, 841.8000) - (1290.3000, 848.7000) on Layer -
violation type: Vertical congestion
	srcs: net:RV_TO_DAC\[7\]
	comment: capacity:0 usage:1 overflow:1
	bbox = (1283.4000, 848.7000) - (1290.3000, 855.6000) on Layer -
violation type: Vertical congestion
	srcs: net:RV_TO_DAC\[7\]
	comment: capacity:0 usage:1 overflow:1
	bbox = (1283.4000, 855.6000) - (1290.3000, 862.5000) on Layer -
violation type: Vertical congestion
	srcs: net:RV_TO_DAC\[7\]
	comment: capacity:0 usage:1 overflow:1
	bbox = (1283.4000, 862.5000) - (1290.3000, 869.4000) on Layer -
violation type: Vertical congestion
	srcs: net:RV_TO_DAC\[7\]
	comment: capacity:0 usage:1 overflow:1
	bbox = (1283.4000, 869.4000) - (1290.3000, 876.3000) on Layer -
violation type: Vertical congestion
	srcs: net:RV_TO_DAC\[7\]
	comment: capacity:0 usage:1 overflow:1
	bbox = (1283.4000, 876.3000) - (1290.3000, 883.2000) on Layer -
violation type: Vertical congestion
	srcs: net:RV_TO_DAC\[7\]
	comment: capacity:0 usage:1 overflow:1
	bbox = (1283.4000, 883.2000) - (1290.3000, 890.1000) on Layer -
violation type: Vertical congestion
	srcs: net:RV_TO_DAC\[7\]
	comment: capacity:0 usage:1 overflow:1
	bbox = (1283.4000, 890.1000) - (1290.3000, 897.0000) on Layer -
violation type: Vertical congestion
	srcs: net:RV_TO_DAC\[7\]
	comment: capacity:0 usage:1 overflow:1
	bbox = (1283.4000, 897.0000) - (1290.3000, 903.9000) on Layer -
violation type: Vertical congestion
	srcs: net:RV_TO_DAC\[7\]
	comment: capacity:0 usage:1 overflow:1
	bbox = (1283.4000, 903.9000) - (1290.3000, 910.8000) on Layer -
violation type: Vertical congestion
	srcs: net:RV_TO_DAC\[7\]
	comment: capacity:0 usage:1 overflow:1
	bbox = (1283.4000, 910.8000) - (1290.3000, 917.7000) on Layer -
violation type: Vertical congestion
	srcs: net:RV_TO_DAC\[7\]
	comment: capacity:0 usage:1 overflow:1
	bbox = (1283.4000, 917.7000) - (1290.3000, 924.6000) on Layer -
violation type: Vertical congestion
	srcs: net:RV_TO_DAC\[7\]
	comment: capacity:0 usage:1 overflow:1
	bbox = (1283.4000, 924.6000) - (1290.3000, 931.5000) on Layer -
violation type: Vertical congestion
	srcs: net:RV_TO_DAC\[7\]
	comment: capacity:0 usage:1 overflow:1
	bbox = (1283.4000, 931.5000) - (1290.3000, 938.4000) on Layer -
violation type: Vertical congestion
	srcs: net:RV_TO_DAC\[7\]
	comment: capacity:0 usage:1 overflow:1
	bbox = (1283.4000, 938.4000) - (1290.3000, 945.3000) on Layer -
violation type: Vertical congestion
	srcs: net:RV_TO_DAC\[7\]
	comment: capacity:0 usage:1 overflow:1
	bbox = (1283.4000, 945.3000) - (1290.3000, 952.2000) on Layer -
violation type: Vertical congestion
	srcs: net:RV_TO_DAC\[7\]
	comment: capacity:0 usage:1 overflow:1
	bbox = (1283.4000, 952.2000) - (1290.3000, 959.1000) on Layer -
violation type: Vertical congestion
	srcs: net:RV_TO_DAC\[7\]
	comment: capacity:0 usage:1 overflow:1
	bbox = (1283.4000, 959.1000) - (1290.3000, 966.0000) on Layer -
violation type: Vertical congestion
	srcs: net:RV_TO_DAC\[7\]
	comment: capacity:0 usage:1 overflow:1
	bbox = (1283.4000, 966.0000) - (1290.3000, 972.9000) on Layer -
violation type: Vertical congestion
	srcs: net:RV_TO_DAC\[7\]
	comment: capacity:0 usage:1 overflow:1
	bbox = (1283.4000, 972.9000) - (1290.3000, 979.8000) on Layer -
violation type: Vertical congestion
	srcs: net:RV_TO_DAC\[7\]
	comment: capacity:0 usage:1 overflow:1
	bbox = (1283.4000, 979.8000) - (1290.3000, 986.7000) on Layer -
